// Jest Snapshot v1, https://goo.gl/fbAQLP

exports[`ToggleButton renders renders as anchor correctly 1`] = `
<div>
  <a
    aria-pressed="false"
    class="___1koj071_g1sth20 f10pi13n ftuwxu6 f122n59 f4d9j23 fmrv4ls f1iqk1t4 fkfijr0 fsxfru3 fk6fouc fmd4ok8 ffu84w5 f1s6fcnf ftqa4ok f2hkw1w f1e9opqd f2wcrm2 f135az6v fh75n2l f1dl2y2b f1y0btuc fhpydrm fhywizk f14h0mcu f1b42u26 f9umuid fwnzvc7 f36tcd9 fv6qq3p f1s8ifcy f11kn3bb f35732a f1nsdkho fxill1j f14iypy2 frdy14w f140ez8q fmfsx3t f1k6fduh fzbgb85 f1d3e705 f8qjfyk f5ogflp f1hqa2wf f1f09k3d finvdd3 fzkkow9 fcdblym fg706s2 fjik90z f6q7ef6 fgn7sc6 f14a3rif f1km5e7u fz33olg fk8iwxb f1vfkp0g fk7wp1q ff5rlib f1gacc7e f10g5jki f15oh5mz f1448u22 fabarxu fyp7vls f1chj7sh frtbnc7 f1f9t5xu fcv2ht4 fgfbwa2 f1y3hx6l f1g0x7ka f1gbmcue f1qch9an f1rh9g5y f1arxnym f1rbvai9 f13ju9t4 f1lh17z1 f1dlw1sp"
    href="https://www.bing.com"
    role="button"
    style="--cebus-button-background-color: var(--inherit); --cebus-button-hover-color: var(--inheritHover); --cebus-button-pressed-color: var(--inheritPressed); --cebus-foreground-hover-color: var(--inheritForegroundHover); --cebus-foreground-pressed-color: var(--inheritForegroundPressed);"
    tabindex="0"
    type="button"
  >
    Test Button
  </a>
</div>
`;

exports[`ToggleButton renders renders correctly 1`] = `
<div>
  <button
    aria-pressed="false"
    class="___1koj071_g1sth20 f10pi13n ftuwxu6 f122n59 f4d9j23 fmrv4ls f1iqk1t4 fkfijr0 fsxfru3 fk6fouc fmd4ok8 ffu84w5 f1s6fcnf ftqa4ok f2hkw1w f1e9opqd f2wcrm2 f135az6v fh75n2l f1dl2y2b f1y0btuc fhpydrm fhywizk f14h0mcu f1b42u26 f9umuid fwnzvc7 f36tcd9 fv6qq3p f1s8ifcy f11kn3bb f35732a f1nsdkho fxill1j f14iypy2 frdy14w f140ez8q fmfsx3t f1k6fduh fzbgb85 f1d3e705 f8qjfyk f5ogflp f1hqa2wf f1f09k3d finvdd3 fzkkow9 fcdblym fg706s2 fjik90z f6q7ef6 fgn7sc6 f14a3rif f1km5e7u fz33olg fk8iwxb f1vfkp0g fk7wp1q ff5rlib f1gacc7e f10g5jki f15oh5mz f1448u22 fabarxu fyp7vls f1chj7sh frtbnc7 f1f9t5xu fcv2ht4 fgfbwa2 f1y3hx6l f1g0x7ka f1gbmcue f1qch9an f1rh9g5y f1arxnym f1rbvai9 f13ju9t4 f1lh17z1 f1dlw1sp"
    style="--cebus-button-background-color: var(--inherit); --cebus-button-hover-color: var(--inheritHover); --cebus-button-pressed-color: var(--inheritPressed); --cebus-foreground-hover-color: var(--inheritForegroundHover); --cebus-foreground-pressed-color: var(--inheritForegroundPressed);"
    type="button"
  >
    Test Button
  </button>
</div>
`;
